<?xml version='1.0' encoding='UTF-8'?>
<dataset>
  <tape barcode="V5A999L7" blocksize="256000" finalized="0" tapeset_id="15001"/>
</dataset>
