<?xml version='1.0' encoding='UTF-8'?>
<dataset>
  <job status_id="10001" task_id="18001"/>
  <job status_id="10001" task_id="18002"/>
  <job status_id="10001" task_id="18003"/>
  <job status_id="10001" task_id="18004"/>
  <job status_id="10001" task_id="18005"/>
  <job status_id="10001" task_id="18006"/>
</dataset>