<?xml version='1.0' encoding='UTF-8'?>
<dataset>
  <job id="1" completed_at="2020-04-22 10:52:51.39" created_at="2020-04-19 20:45:03.904" started_at="2020-04-22 10:52:51.358" status_id="10003" input_library_id="1" subrequest_id="1" task_id="18001"/>
  <job id="2" completed_at="2020-05-03 20:58:29.089" created_at="2020-04-19 20:45:03.906" started_at="2020-05-03 20:58:29.04" status_id="10003" input_library_id="1" subrequest_id="1" task_id="18002"/>
  <job id="3" created_at="2020-04-19 20:45:03.907" status_id="10001" input_library_id="1" subrequest_id="1" task_id="18003"/>
  <job id="4" completed_at="2020-04-20 16:11:43.737" created_at="2020-04-19 20:45:03.909" started_at="2020-04-19 20:46:00.256" status_id="10003" input_library_id="1" subrequest_id="1" task_id="18004"/>
  <job id="5" created_at="2020-04-19 20:45:03.91" status_id="10001" subrequest_id="1" task_id="18005"/>
  <job id="6" created_at="2020-04-19 20:45:03.911" status_id="10001" subrequest_id="1" task_id="18006"/>
  <job id="7" created_at="2020-04-22 09:54:24.351" status_id="10001" input_library_id="2" subrequest_id="2" task_id="18001"/>
  <job id="8" created_at="2020-04-22 09:54:24.351" status_id="10001" input_library_id="2" subrequest_id="2" task_id="18002"/>
  <job id="9" created_at="2020-04-22 09:54:24.351" status_id="10001" input_library_id="2" subrequest_id="2" task_id="18003"/>
  <job id="10" created_at="2020-04-22 09:54:24.353" started_at="2020-04-22 10:52:50.732" status_id="10002" input_library_id="2" subrequest_id="2" task_id="18004"/>
  <job id="11" created_at="2020-04-22 09:54:24.354" status_id="10001" subrequest_id="2" task_id="18005"/>
  <job id="12" created_at="2020-04-22 09:54:24.355" status_id="10001" subrequest_id="2" task_id="18006"/>
  <job id="13" completed_at="2020-05-06 17:12:57.954" created_at="2020-05-05 17:31:21.831" started_at="2020-05-06 17:12:57.856" status_id="10003" subrequest_id="11" task_id="18018"/>
</dataset>
