<?xml version='1.0' encoding='UTF-8'?>
<dataset>
  <test_storage_element id="52001" empty="0" import_export="0" s_no="1" volume_tag="V5A001" tapelibrary_id="14001"/>
  <test_storage_element id="52002" empty="0" import_export="0" s_no="2" volume_tag="V5A002" tapelibrary_id="14001"/>
  <test_storage_element id="52003" empty="0" import_export="0" s_no="3" volume_tag="V5A003" tapelibrary_id="14001"/>
  <test_storage_element id="52004" empty="0" import_export="0" s_no="4" volume_tag="V5B003" tapelibrary_id="14001"/>
  <test_storage_element id="52005" empty="0" import_export="0" s_no="5" volume_tag="V5C003" tapelibrary_id="14001"/>
  <test_storage_element id="52006" empty="0" import_export="0" s_no="6" volume_tag="VLA003" tapelibrary_id="14001"/>
  <test_storage_element id="52007" empty="0" import_export="0" s_no="7" volume_tag="V4A003" tapelibrary_id="14001"/>
  <test_storage_element id="52008" empty="0" import_export="0" s_no="8" volume_tag="V5A004" tapelibrary_id="14001"/>
  <test_storage_element id="52009" empty="1" import_export="0" s_no="9" tapelibrary_id="14001"/>
</dataset>
