<?xml version='1.0' encoding='UTF-8'?>
<dataset>
  <user id="21001" name="pgurumurthy"/>
  <user id="21002" name="apr"/>
  <user id="21003" name="Sadhguru"/>
  <user id="21004" name="ShivaShambho"/>
</dataset>
